The nodes in use are: frontier[07304,07306,07308-07313]

Currently Loaded Modules:
  1) craype-x86-trento                     10) cce/13.0.0
  2) libfabric/1.15.0.0                    11) craype/2.7.13
  3) craype-network-ofi                    12) cray-dsmml/0.2.2
  4) perftools-base/21.12.0                13) cray-mpich/8.1.12
  5) xpmem/2.3.2-2.2_6.4__g93dd7ee.shasta  14) cray-libsci/21.08.1.2
  6) cray-pmi/6.0.16                       15) PrgEnv-cray/8.2.0
  7) cray-pmi-lib/6.0.16                   16) DefApps/default
  8) emacs/27.2                            17) rocm/4.5.0
  9) craype-accel-amd-gfx90a

 

+ export MPICH_GPU_SUPPORT_ENABLED=1
+ MPICH_GPU_SUPPORT_ENABLED=1
+ export FI_CXI_ATS=0
+ FI_CXI_ATS=0
+ export MPICH_GPU_IPC_THRESHOLD=8192
+ MPICH_GPU_IPC_THRESHOLD=8192
+ export AMD_DIRECT_DISPATCH=1
+ AMD_DIRECT_DISPATCH=1
+ export MPICH_SMP_SINGLE_COPY_MODE=CMA
+ MPICH_SMP_SINGLE_COPY_MODE=CMA
+ export GTL_HSA_VSMSG_CUTOFF_SIZE=2048
+ GTL_HSA_VSMSG_CUTOFF_SIZE=2048
+ export MPICH_OFI_VERBOSE=1
+ MPICH_OFI_VERBOSE=1
+ export MPICH_OFI_NIC_VERBOSE=1
+ MPICH_OFI_NIC_VERBOSE=1
+ export OMP_NUM_THREADS=1
+ OMP_NUM_THREADS=1
+ TEMP_NNODES=8
+ '[' 8 -ge 256 ']'
+ TEST_SIZE=8
+ '[' 8 -gt 2 ']'
++ expr 8 '*' 2
+ TEST_SIZE=16
++ expr 8 / 4
+ TEMP_NNODES=2
+ '[' 2 -gt 2 ']'
+ echo '--------------------AMD Runs------------------------'
--------------------AMD Runs------------------------
+ export NODES=8
+ NODES=8
+ export TEST_DIR=/autofs/nccs-svm1_home1/loughm/applications/pennant-wk0/test
+ TEST_DIR=/autofs/nccs-svm1_home1/loughm/applications/pennant-wk0/test
+ export EXE=/autofs/nccs-svm1_home1/loughm/applications/pennant-wk0/pennant-hip/build/pennant
+ EXE=/autofs/nccs-svm1_home1/loughm/applications/pennant-wk0/pennant-hip/build/pennant
+ export TEST_CASE=sedovflatx16
+ TEST_CASE=sedovflatx16
+ export TEST=/autofs/nccs-svm1_home1/loughm/applications/pennant-wk0/test/sedovflatx16/sedovflatx16.pnt
+ TEST=/autofs/nccs-svm1_home1/loughm/applications/pennant-wk0/test/sedovflatx16/sedovflatx16.pnt
++ expr 8 '*' 8
+ export RANKS=64
+ RANKS=64
+ export OUTPUT=pennant.out
+ OUTPUT=pennant.out
+ export OUTDIR=output/pennant_R64_sedovflatx16_8nodes.281221
+ OUTDIR=output/pennant_R64_sedovflatx16_8nodes.281221
+ mkdir output/pennant_R64_sedovflatx16_8nodes.281221
+ module list
++ /usr/share/lmod/lmod/libexec/lmod bash list

Currently Loaded Modules:
  1) craype-x86-trento                     10) cce/13.0.0
  2) libfabric/1.15.0.0                    11) craype/2.7.13
  3) craype-network-ofi                    12) cray-dsmml/0.2.2
  4) perftools-base/21.12.0                13) cray-mpich/8.1.12
  5) xpmem/2.3.2-2.2_6.4__g93dd7ee.shasta  14) cray-libsci/21.08.1.2
  6) cray-pmi/6.0.16                       15) PrgEnv-cray/8.2.0
  7) cray-pmi-lib/6.0.16                   16) DefApps/default
  8) emacs/27.2                            17) rocm/4.5.0
  9) craype-accel-amd-gfx90a

 

+ eval 'MODULEPATH=/sw/frontier/spack-envs/base/modules/spack/cray-sles15-x86_64/cray-mpich/8.1.12-zbxibzw/cce/13.0.0:/sw/frontier/spack-envs/base/modules/spack/cray-sles15-x86_64/cce/13.0.0:/sw/frontier/spack-envs/base/modules/spack/linux-sles15-x86_64/Core:/opt/cray/pe/lmod/modulefiles/mpi/crayclang/10.0/ofi/1.0/cray-mpich/8.0:/opt/cray/pe/lmod/modulefiles/comnet/crayclang/10.0/ofi/1.0:/opt/cray/pe/lmod/modulefiles/compiler/crayclang/10.0:/opt/cray/pe/lmod/modulefiles/mix_compilers:/opt/cray/pe/lmod/modulefiles/perftools/21.12.0:/opt/cray/pe/lmod/modulefiles/net/ofi/1.0:/opt/cray/pe/lmod/modulefiles/cpu/x86-trento/1.0:/usr/share/modulefiles/Linux:/usr/share/modulefiles/Core:/usr/share/lmod/lmod/modulefiles/Core:/opt/cray/pe/lmod/modulefiles/core:/opt/cray/pe/lmod/modulefiles/craype-targets/default:/sw/frontier/modulefiles:/opt/cray/modulefiles:/opt/modulefiles;' export 'MODULEPATH;' '_ModuleTable001_=X01vZHVsZVRhYmxlXz17WyJNVHZlcnNpb24iXT0zLFsiY19yZWJ1aWxkVGltZSJdPTcyMDAuMCxbImNfc2hvcnRUaW1lIl09MC45ODY5OTU5MzU0NDAwNixkZXB0aFQ9e30sZmFtaWx5PXtbIlByZ0VudiJdPSJQcmdFbnYtY3JheSIsWyJjb21waWxlciJdPSJjY2UiLFsiY3JheXBlIl09ImNyYXlwZSIsWyJjcmF5cGVfYWNjZWwiXT0iY3JheXBlLWFjY2VsLWFtZC1nZng5MGEiLFsiY3JheXBlX2NwdSJdPSJjcmF5cGUteDg2LXRyZW50byIsWyJjcmF5cGVfbmV0d29yayJdPSJjcmF5cGUtbmV0d29yay1vZmkiLFsibXBpIl09ImNyYXktbXBpY2giLH0sbVQ9e0RlZkFwcHM9e1siZm4iXT0iL3N3L2Zyb250aWVyL21vZHVsZWZpbGVzL0RlZkFwcHMvZGVmYXVsdC5sdWEiLFsiZnVs;' export '_ModuleTable001_;' '_ModuleTable002_=bE5hbWUiXT0iRGVmQXBwcy9kZWZhdWx0IixbImxvYWRPcmRlciJdPTE2LHByb3BUPXt9LFsic3RhY2tEZXB0aCJdPTEsWyJzdGF0dXMiXT0iYWN0aXZlIixbInVzZXJOYW1lIl09IkRlZkFwcHMiLH0sWyJQcmdFbnYtY3JheSJdPXtbImZuIl09Ii9vcHQvY3JheS9wZS9sbW9kL21vZHVsZWZpbGVzL2NvcmUvUHJnRW52LWNyYXkvOC4yLjAubHVhIixbImZ1bGxOYW1lIl09IlByZ0Vudi1jcmF5LzguMi4wIixbImxvYWRPcmRlciJdPTE1LHByb3BUPXt9LFsic3RhY2tEZXB0aCJdPTAsWyJzdGF0dXMiXT0iYWN0aXZlIixbInVzZXJOYW1lIl09IlByZ0Vudi1jcmF5Iix9LGNjZT17WyJmbiJdPSIvb3B0L2NyYXkvcGUvbG1vZC9tb2R1bGVmaWxlcy9jb3JlL2NjZS8xMy4wLjAubHVh;' export '_ModuleTable002_;' '_ModuleTable003_=IixbImZ1bGxOYW1lIl09ImNjZS8xMy4wLjAiLFsibG9hZE9yZGVyIl09MTAscHJvcFQ9e30sWyJzdGFja0RlcHRoIl09MSxbInN0YXR1cyJdPSJhY3RpdmUiLFsidXNlck5hbWUiXT0iY2NlIix9LFsiY3JheS1kc21tbCJdPXtbImZuIl09Ii9vcHQvY3JheS9wZS9sbW9kL21vZHVsZWZpbGVzL2NvcmUvY3JheS1kc21tbC8wLjIuMi5sdWEiLFsiZnVsbE5hbWUiXT0iY3JheS1kc21tbC8wLjIuMiIsWyJsb2FkT3JkZXIiXT0xMixwcm9wVD17fSxbInN0YWNrRGVwdGgiXT0xLFsic3RhdHVzIl09ImFjdGl2ZSIsWyJ1c2VyTmFtZSJdPSJjcmF5LWRzbW1sIix9LFsiY3JheS1saWJzY2kiXT17WyJmbiJdPSIvb3B0L2NyYXkvcGUvbG1vZC9tb2R1bGVmaWxlcy9jb3JlL2NyYXktbGli;' export '_ModuleTable003_;' '_ModuleTable004_=c2NpLzIxLjA4LjEuMi5sdWEiLFsiZnVsbE5hbWUiXT0iY3JheS1saWJzY2kvMjEuMDguMS4yIixbImxvYWRPcmRlciJdPTE0LHByb3BUPXt9LFsic3RhY2tEZXB0aCJdPTEsWyJzdGF0dXMiXT0iYWN0aXZlIixbInVzZXJOYW1lIl09ImNyYXktbGlic2NpIix9LFsiY3JheS1tcGljaCJdPXtbImZuIl09Ii9vcHQvY3JheS9wZS9sbW9kL21vZHVsZWZpbGVzL2NvbW5ldC9jcmF5Y2xhbmcvMTAuMC9vZmkvMS4wL2NyYXktbXBpY2gvOC4xLjEyLmx1YSIsWyJmdWxsTmFtZSJdPSJjcmF5LW1waWNoLzguMS4xMiIsWyJsb2FkT3JkZXIiXT0xMyxwcm9wVD17fSxbInN0YWNrRGVwdGgiXT0xLFsic3RhdHVzIl09ImFjdGl2ZSIsWyJ1c2VyTmFtZSJdPSJjcmF5LW1waWNoIix9LFsiY3Jh;' export '_ModuleTable004_;' '_ModuleTable005_=eS1wbWkiXT17WyJmbiJdPSIvb3B0L2NyYXkvcGUvbG1vZC9tb2R1bGVmaWxlcy9jb3JlL2NyYXktcG1pLzYuMC4xNi5sdWEiLFsiZnVsbE5hbWUiXT0iY3JheS1wbWkvNi4wLjE2IixbImxvYWRPcmRlciJdPTYscHJvcFQ9e30sWyJzdGFja0RlcHRoIl09MCxbInN0YXR1cyJdPSJhY3RpdmUiLFsidXNlck5hbWUiXT0iY3JheS1wbWkiLH0sWyJjcmF5LXBtaS1saWIiXT17WyJmbiJdPSIvb3B0L2NyYXkvcGUvbG1vZC9tb2R1bGVmaWxlcy9jb3JlL2NyYXktcG1pLWxpYi82LjAuMTYubHVhIixbImZ1bGxOYW1lIl09ImNyYXktcG1pLWxpYi82LjAuMTYiLFsibG9hZE9yZGVyIl09Nyxwcm9wVD17fSxbInN0YWNrRGVwdGgiXT0wLFsic3RhdHVzIl09ImFjdGl2ZSIsWyJ1c2VyTmFt;' export '_ModuleTable005_;' '_ModuleTable006_=ZSJdPSJjcmF5LXBtaS1saWIiLH0sY3JheXBlPXtbImZuIl09Ii9vcHQvY3JheS9wZS9sbW9kL21vZHVsZWZpbGVzL2NvcmUvY3JheXBlLzIuNy4xMy5sdWEiLFsiZnVsbE5hbWUiXT0iY3JheXBlLzIuNy4xMyIsWyJsb2FkT3JkZXIiXT0xMSxwcm9wVD17fSxbInN0YWNrRGVwdGgiXT0xLFsic3RhdHVzIl09ImFjdGl2ZSIsWyJ1c2VyTmFtZSJdPSJjcmF5cGUiLH0sWyJjcmF5cGUtYWNjZWwtYW1kLWdmeDkwYSJdPXtbImZuIl09Ii9vcHQvY3JheS9wZS9sbW9kL21vZHVsZWZpbGVzL2NyYXlwZS10YXJnZXRzL2RlZmF1bHQvY3JheXBlLWFjY2VsLWFtZC1nZng5MGEubHVhIixbImZ1bGxOYW1lIl09ImNyYXlwZS1hY2NlbC1hbWQtZ2Z4OTBhIixbImxvYWRPcmRlciJdPTkscHJv;' export '_ModuleTable006_;' '_ModuleTable007_=cFQ9e30sWyJzdGFja0RlcHRoIl09MCxbInN0YXR1cyJdPSJhY3RpdmUiLFsidXNlck5hbWUiXT0iY3JheXBlLWFjY2VsLWFtZC1nZng5MGEiLH0sWyJjcmF5cGUtbmV0d29yay1vZmkiXT17WyJmbiJdPSIvb3B0L2NyYXkvcGUvbG1vZC9tb2R1bGVmaWxlcy9jcmF5cGUtdGFyZ2V0cy9kZWZhdWx0L2NyYXlwZS1uZXR3b3JrLW9maS5sdWEiLFsiZnVsbE5hbWUiXT0iY3JheXBlLW5ldHdvcmstb2ZpIixbImxvYWRPcmRlciJdPTMscHJvcFQ9e30sWyJzdGFja0RlcHRoIl09MCxbInN0YXR1cyJdPSJhY3RpdmUiLFsidXNlck5hbWUiXT0iY3JheXBlLW5ldHdvcmstb2ZpIix9LFsiY3JheXBlLXg4Ni10cmVudG8iXT17WyJmbiJdPSIvb3B0L2NyYXkvcGUvbG1vZC9tb2R1bGVmaWxl;' export '_ModuleTable007_;' '_ModuleTable008_=cy9jcmF5cGUtdGFyZ2V0cy9kZWZhdWx0L2NyYXlwZS14ODYtdHJlbnRvLmx1YSIsWyJmdWxsTmFtZSJdPSJjcmF5cGUteDg2LXRyZW50byIsWyJsb2FkT3JkZXIiXT0xLHByb3BUPXt9LFsic3RhY2tEZXB0aCJdPTAsWyJzdGF0dXMiXT0iYWN0aXZlIixbInVzZXJOYW1lIl09ImNyYXlwZS14ODYtdHJlbnRvIix9LGVtYWNzPXtbImZuIl09Ii9zdy9mcm9udGllci9zcGFjay1lbnZzL2Jhc2UvbW9kdWxlcy9zcGFjay9saW51eC1zbGVzMTUteDg2XzY0L0NvcmUvZW1hY3MvMjcuMi5sdWEiLFsiZnVsbE5hbWUiXT0iZW1hY3MvMjcuMiIsWyJsb2FkT3JkZXIiXT04LHByb3BUPXt9LFsic3RhY2tEZXB0aCJdPTAsWyJzdGF0dXMiXT0iYWN0aXZlIixbInVzZXJOYW1lIl09ImVtYWNz;' export '_ModuleTable008_;' '_ModuleTable009_=Iix9LGxpYmZhYnJpYz17WyJmbiJdPSIvb3B0L2NyYXkvbW9kdWxlZmlsZXMvbGliZmFicmljLzEuMTUuMC4wIixbImZ1bGxOYW1lIl09ImxpYmZhYnJpYy8xLjE1LjAuMCIsWyJsb2FkT3JkZXIiXT0yLHByb3BUPXt9LFsic3RhY2tEZXB0aCJdPTEsWyJzdGF0dXMiXT0iYWN0aXZlIixbInVzZXJOYW1lIl09ImxpYmZhYnJpYyIsfSxbInBlcmZ0b29scy1iYXNlIl09e1siZm4iXT0iL29wdC9jcmF5L3BlL2xtb2QvbW9kdWxlZmlsZXMvY29yZS9wZXJmdG9vbHMtYmFzZS8yMS4xMi4wLmx1YSIsWyJmdWxsTmFtZSJdPSJwZXJmdG9vbHMtYmFzZS8yMS4xMi4wIixbImxvYWRPcmRlciJdPTQscHJvcFQ9e30sWyJzdGFja0RlcHRoIl09MCxbInN0YXR1cyJdPSJhY3RpdmUiLFsidXNl;' export '_ModuleTable009_;' '_ModuleTable010_=ck5hbWUiXT0icGVyZnRvb2xzLWJhc2UiLH0scm9jbT17WyJmbiJdPSIvc3cvZnJvbnRpZXIvbW9kdWxlZmlsZXMvcm9jbS80LjUuMC5sdWEiLFsiZnVsbE5hbWUiXT0icm9jbS80LjUuMCIsWyJsb2FkT3JkZXIiXT0xNyxwcm9wVD17fSxbInN0YWNrRGVwdGgiXT0wLFsic3RhdHVzIl09ImFjdGl2ZSIsWyJ1c2VyTmFtZSJdPSJyb2NtIix9LHhwbWVtPXtbImZuIl09Ii9vcHQvY3JheS9tb2R1bGVmaWxlcy94cG1lbS8yLjMuMi0yLjJfNi40X19nOTNkZDdlZS5zaGFzdGEiLFsiZnVsbE5hbWUiXT0ieHBtZW0vMi4zLjItMi4yXzYuNF9fZzkzZGQ3ZWUuc2hhc3RhIixbImxvYWRPcmRlciJdPTUscHJvcFQ9e30sWyJzdGFja0RlcHRoIl09MCxbInN0YXR1cyJdPSJhY3RpdmUiLFsi;' export '_ModuleTable010_;' '_ModuleTable011_=dXNlck5hbWUiXT0ieHBtZW0iLH0sfSxtcGF0aEE9eyIvc3cvZnJvbnRpZXIvc3BhY2stZW52cy9iYXNlL21vZHVsZXMvc3BhY2svY3JheS1zbGVzMTUteDg2XzY0L2NyYXktbXBpY2gvOC4xLjEyLXpieGliencvY2NlLzEzLjAuMCIsIi9zdy9mcm9udGllci9zcGFjay1lbnZzL2Jhc2UvbW9kdWxlcy9zcGFjay9jcmF5LXNsZXMxNS14ODZfNjQvY2NlLzEzLjAuMCIsIi9zdy9mcm9udGllci9zcGFjay1lbnZzL2Jhc2UvbW9kdWxlcy9zcGFjay9saW51eC1zbGVzMTUteDg2XzY0L0NvcmUiLCIvb3B0L2NyYXkvcGUvbG1vZC9tb2R1bGVmaWxlcy9tcGkvY3JheWNsYW5nLzEwLjAvb2ZpLzEuMC9jcmF5LW1waWNoLzguMCIsIi9vcHQvY3JheS9wZS9sbW9kL21vZHVsZWZpbGVzL2Nv;' export '_ModuleTable011_;' '_ModuleTable012_=bW5ldC9jcmF5Y2xhbmcvMTAuMC9vZmkvMS4wIiwiL29wdC9jcmF5L3BlL2xtb2QvbW9kdWxlZmlsZXMvY29tcGlsZXIvY3JheWNsYW5nLzEwLjAiLCIvb3B0L2NyYXkvcGUvbG1vZC9tb2R1bGVmaWxlcy9taXhfY29tcGlsZXJzIiwiL29wdC9jcmF5L3BlL2xtb2QvbW9kdWxlZmlsZXMvcGVyZnRvb2xzLzIxLjEyLjAiLCIvb3B0L2NyYXkvcGUvbG1vZC9tb2R1bGVmaWxlcy9uZXQvb2ZpLzEuMCIsIi9vcHQvY3JheS9wZS9sbW9kL21vZHVsZWZpbGVzL2NwdS94ODYtdHJlbnRvLzEuMCIsIi91c3Ivc2hhcmUvbW9kdWxlZmlsZXMvTGludXgiLCIvdXNyL3NoYXJlL21vZHVsZWZpbGVzL0NvcmUiLCIvdXNyL3NoYXJlL2xtb2QvbG1vZC9tb2R1bGVmaWxlcy9Db3JlIiwiL29wdC9j;' export '_ModuleTable012_;' '_ModuleTable013_=cmF5L3BlL2xtb2QvbW9kdWxlZmlsZXMvY29yZSIsIi9vcHQvY3JheS9wZS9sbW9kL21vZHVsZWZpbGVzL2NyYXlwZS10YXJnZXRzL2RlZmF1bHQiLCIvc3cvZnJvbnRpZXIvbW9kdWxlZmlsZXMiLCIvb3B0L2NyYXkvbW9kdWxlZmlsZXMiLCIvb3B0L21vZHVsZWZpbGVzIix9LFsic3lzdGVtQmFzZU1QQVRIIl09Ii91c3Ivc2hhcmUvbW9kdWxlZmlsZXMvTGludXg6L3Vzci9zaGFyZS9tb2R1bGVmaWxlcy9Db3JlOi91c3Ivc2hhcmUvbG1vZC9sbW9kL21vZHVsZWZpbGVzL0NvcmU6L29wdC9jcmF5L3BlL2xtb2QvbW9kdWxlZmlsZXMvY29yZTovb3B0L2NyYXkvcGUvbG1vZC9tb2R1bGVmaWxlcy9jcmF5cGUtdGFyZ2V0cy9kZWZhdWx0Oi9zdy9mcm9udGllci9tb2R1bGVmaWxl;' export '_ModuleTable013_;' '_ModuleTable014_=czovb3B0L2NyYXkvbW9kdWxlZmlsZXM6L29wdC9tb2R1bGVmaWxlcyIsfQ==;' export '_ModuleTable014_;' '_ModuleTable_Sz_=14;' export '_ModuleTable_Sz_;'
++ MODULEPATH=/sw/frontier/spack-envs/base/modules/spack/cray-sles15-x86_64/cray-mpich/8.1.12-zbxibzw/cce/13.0.0:/sw/frontier/spack-envs/base/modules/spack/cray-sles15-x86_64/cce/13.0.0:/sw/frontier/spack-envs/base/modules/spack/linux-sles15-x86_64/Core:/opt/cray/pe/lmod/modulefiles/mpi/crayclang/10.0/ofi/1.0/cray-mpich/8.0:/opt/cray/pe/lmod/modulefiles/comnet/crayclang/10.0/ofi/1.0:/opt/cray/pe/lmod/modulefiles/compiler/crayclang/10.0:/opt/cray/pe/lmod/modulefiles/mix_compilers:/opt/cray/pe/lmod/modulefiles/perftools/21.12.0:/opt/cray/pe/lmod/modulefiles/net/ofi/1.0:/opt/cray/pe/lmod/modulefiles/cpu/x86-trento/1.0:/usr/share/modulefiles/Linux:/usr/share/modulefiles/Core:/usr/share/lmod/lmod/modulefiles/Core:/opt/cray/pe/lmod/modulefiles/core:/opt/cray/pe/lmod/modulefiles/craype-targets/default:/sw/frontier/modulefiles:/opt/cray/modulefiles:/opt/modulefiles
++ export MODULEPATH
++ _ModuleTable001_=X01vZHVsZVRhYmxlXz17WyJNVHZlcnNpb24iXT0zLFsiY19yZWJ1aWxkVGltZSJdPTcyMDAuMCxbImNfc2hvcnRUaW1lIl09MC45ODY5OTU5MzU0NDAwNixkZXB0aFQ9e30sZmFtaWx5PXtbIlByZ0VudiJdPSJQcmdFbnYtY3JheSIsWyJjb21waWxlciJdPSJjY2UiLFsiY3JheXBlIl09ImNyYXlwZSIsWyJjcmF5cGVfYWNjZWwiXT0iY3JheXBlLWFjY2VsLWFtZC1nZng5MGEiLFsiY3JheXBlX2NwdSJdPSJjcmF5cGUteDg2LXRyZW50byIsWyJjcmF5cGVfbmV0d29yayJdPSJjcmF5cGUtbmV0d29yay1vZmkiLFsibXBpIl09ImNyYXktbXBpY2giLH0sbVQ9e0RlZkFwcHM9e1siZm4iXT0iL3N3L2Zyb250aWVyL21vZHVsZWZpbGVzL0RlZkFwcHMvZGVmYXVsdC5sdWEiLFsiZnVs
++ export _ModuleTable001_
++ _ModuleTable002_=bE5hbWUiXT0iRGVmQXBwcy9kZWZhdWx0IixbImxvYWRPcmRlciJdPTE2LHByb3BUPXt9LFsic3RhY2tEZXB0aCJdPTEsWyJzdGF0dXMiXT0iYWN0aXZlIixbInVzZXJOYW1lIl09IkRlZkFwcHMiLH0sWyJQcmdFbnYtY3JheSJdPXtbImZuIl09Ii9vcHQvY3JheS9wZS9sbW9kL21vZHVsZWZpbGVzL2NvcmUvUHJnRW52LWNyYXkvOC4yLjAubHVhIixbImZ1bGxOYW1lIl09IlByZ0Vudi1jcmF5LzguMi4wIixbImxvYWRPcmRlciJdPTE1LHByb3BUPXt9LFsic3RhY2tEZXB0aCJdPTAsWyJzdGF0dXMiXT0iYWN0aXZlIixbInVzZXJOYW1lIl09IlByZ0Vudi1jcmF5Iix9LGNjZT17WyJmbiJdPSIvb3B0L2NyYXkvcGUvbG1vZC9tb2R1bGVmaWxlcy9jb3JlL2NjZS8xMy4wLjAubHVh
++ export _ModuleTable002_
++ _ModuleTable003_=IixbImZ1bGxOYW1lIl09ImNjZS8xMy4wLjAiLFsibG9hZE9yZGVyIl09MTAscHJvcFQ9e30sWyJzdGFja0RlcHRoIl09MSxbInN0YXR1cyJdPSJhY3RpdmUiLFsidXNlck5hbWUiXT0iY2NlIix9LFsiY3JheS1kc21tbCJdPXtbImZuIl09Ii9vcHQvY3JheS9wZS9sbW9kL21vZHVsZWZpbGVzL2NvcmUvY3JheS1kc21tbC8wLjIuMi5sdWEiLFsiZnVsbE5hbWUiXT0iY3JheS1kc21tbC8wLjIuMiIsWyJsb2FkT3JkZXIiXT0xMixwcm9wVD17fSxbInN0YWNrRGVwdGgiXT0xLFsic3RhdHVzIl09ImFjdGl2ZSIsWyJ1c2VyTmFtZSJdPSJjcmF5LWRzbW1sIix9LFsiY3JheS1saWJzY2kiXT17WyJmbiJdPSIvb3B0L2NyYXkvcGUvbG1vZC9tb2R1bGVmaWxlcy9jb3JlL2NyYXktbGli
++ export _ModuleTable003_
++ _ModuleTable004_=c2NpLzIxLjA4LjEuMi5sdWEiLFsiZnVsbE5hbWUiXT0iY3JheS1saWJzY2kvMjEuMDguMS4yIixbImxvYWRPcmRlciJdPTE0LHByb3BUPXt9LFsic3RhY2tEZXB0aCJdPTEsWyJzdGF0dXMiXT0iYWN0aXZlIixbInVzZXJOYW1lIl09ImNyYXktbGlic2NpIix9LFsiY3JheS1tcGljaCJdPXtbImZuIl09Ii9vcHQvY3JheS9wZS9sbW9kL21vZHVsZWZpbGVzL2NvbW5ldC9jcmF5Y2xhbmcvMTAuMC9vZmkvMS4wL2NyYXktbXBpY2gvOC4xLjEyLmx1YSIsWyJmdWxsTmFtZSJdPSJjcmF5LW1waWNoLzguMS4xMiIsWyJsb2FkT3JkZXIiXT0xMyxwcm9wVD17fSxbInN0YWNrRGVwdGgiXT0xLFsic3RhdHVzIl09ImFjdGl2ZSIsWyJ1c2VyTmFtZSJdPSJjcmF5LW1waWNoIix9LFsiY3Jh
++ export _ModuleTable004_
++ _ModuleTable005_=eS1wbWkiXT17WyJmbiJdPSIvb3B0L2NyYXkvcGUvbG1vZC9tb2R1bGVmaWxlcy9jb3JlL2NyYXktcG1pLzYuMC4xNi5sdWEiLFsiZnVsbE5hbWUiXT0iY3JheS1wbWkvNi4wLjE2IixbImxvYWRPcmRlciJdPTYscHJvcFQ9e30sWyJzdGFja0RlcHRoIl09MCxbInN0YXR1cyJdPSJhY3RpdmUiLFsidXNlck5hbWUiXT0iY3JheS1wbWkiLH0sWyJjcmF5LXBtaS1saWIiXT17WyJmbiJdPSIvb3B0L2NyYXkvcGUvbG1vZC9tb2R1bGVmaWxlcy9jb3JlL2NyYXktcG1pLWxpYi82LjAuMTYubHVhIixbImZ1bGxOYW1lIl09ImNyYXktcG1pLWxpYi82LjAuMTYiLFsibG9hZE9yZGVyIl09Nyxwcm9wVD17fSxbInN0YWNrRGVwdGgiXT0wLFsic3RhdHVzIl09ImFjdGl2ZSIsWyJ1c2VyTmFt
++ export _ModuleTable005_
++ _ModuleTable006_=ZSJdPSJjcmF5LXBtaS1saWIiLH0sY3JheXBlPXtbImZuIl09Ii9vcHQvY3JheS9wZS9sbW9kL21vZHVsZWZpbGVzL2NvcmUvY3JheXBlLzIuNy4xMy5sdWEiLFsiZnVsbE5hbWUiXT0iY3JheXBlLzIuNy4xMyIsWyJsb2FkT3JkZXIiXT0xMSxwcm9wVD17fSxbInN0YWNrRGVwdGgiXT0xLFsic3RhdHVzIl09ImFjdGl2ZSIsWyJ1c2VyTmFtZSJdPSJjcmF5cGUiLH0sWyJjcmF5cGUtYWNjZWwtYW1kLWdmeDkwYSJdPXtbImZuIl09Ii9vcHQvY3JheS9wZS9sbW9kL21vZHVsZWZpbGVzL2NyYXlwZS10YXJnZXRzL2RlZmF1bHQvY3JheXBlLWFjY2VsLWFtZC1nZng5MGEubHVhIixbImZ1bGxOYW1lIl09ImNyYXlwZS1hY2NlbC1hbWQtZ2Z4OTBhIixbImxvYWRPcmRlciJdPTkscHJv
++ export _ModuleTable006_
++ _ModuleTable007_=cFQ9e30sWyJzdGFja0RlcHRoIl09MCxbInN0YXR1cyJdPSJhY3RpdmUiLFsidXNlck5hbWUiXT0iY3JheXBlLWFjY2VsLWFtZC1nZng5MGEiLH0sWyJjcmF5cGUtbmV0d29yay1vZmkiXT17WyJmbiJdPSIvb3B0L2NyYXkvcGUvbG1vZC9tb2R1bGVmaWxlcy9jcmF5cGUtdGFyZ2V0cy9kZWZhdWx0L2NyYXlwZS1uZXR3b3JrLW9maS5sdWEiLFsiZnVsbE5hbWUiXT0iY3JheXBlLW5ldHdvcmstb2ZpIixbImxvYWRPcmRlciJdPTMscHJvcFQ9e30sWyJzdGFja0RlcHRoIl09MCxbInN0YXR1cyJdPSJhY3RpdmUiLFsidXNlck5hbWUiXT0iY3JheXBlLW5ldHdvcmstb2ZpIix9LFsiY3JheXBlLXg4Ni10cmVudG8iXT17WyJmbiJdPSIvb3B0L2NyYXkvcGUvbG1vZC9tb2R1bGVmaWxl
++ export _ModuleTable007_
++ _ModuleTable008_=cy9jcmF5cGUtdGFyZ2V0cy9kZWZhdWx0L2NyYXlwZS14ODYtdHJlbnRvLmx1YSIsWyJmdWxsTmFtZSJdPSJjcmF5cGUteDg2LXRyZW50byIsWyJsb2FkT3JkZXIiXT0xLHByb3BUPXt9LFsic3RhY2tEZXB0aCJdPTAsWyJzdGF0dXMiXT0iYWN0aXZlIixbInVzZXJOYW1lIl09ImNyYXlwZS14ODYtdHJlbnRvIix9LGVtYWNzPXtbImZuIl09Ii9zdy9mcm9udGllci9zcGFjay1lbnZzL2Jhc2UvbW9kdWxlcy9zcGFjay9saW51eC1zbGVzMTUteDg2XzY0L0NvcmUvZW1hY3MvMjcuMi5sdWEiLFsiZnVsbE5hbWUiXT0iZW1hY3MvMjcuMiIsWyJsb2FkT3JkZXIiXT04LHByb3BUPXt9LFsic3RhY2tEZXB0aCJdPTAsWyJzdGF0dXMiXT0iYWN0aXZlIixbInVzZXJOYW1lIl09ImVtYWNz
++ export _ModuleTable008_
++ _ModuleTable009_=Iix9LGxpYmZhYnJpYz17WyJmbiJdPSIvb3B0L2NyYXkvbW9kdWxlZmlsZXMvbGliZmFicmljLzEuMTUuMC4wIixbImZ1bGxOYW1lIl09ImxpYmZhYnJpYy8xLjE1LjAuMCIsWyJsb2FkT3JkZXIiXT0yLHByb3BUPXt9LFsic3RhY2tEZXB0aCJdPTEsWyJzdGF0dXMiXT0iYWN0aXZlIixbInVzZXJOYW1lIl09ImxpYmZhYnJpYyIsfSxbInBlcmZ0b29scy1iYXNlIl09e1siZm4iXT0iL29wdC9jcmF5L3BlL2xtb2QvbW9kdWxlZmlsZXMvY29yZS9wZXJmdG9vbHMtYmFzZS8yMS4xMi4wLmx1YSIsWyJmdWxsTmFtZSJdPSJwZXJmdG9vbHMtYmFzZS8yMS4xMi4wIixbImxvYWRPcmRlciJdPTQscHJvcFQ9e30sWyJzdGFja0RlcHRoIl09MCxbInN0YXR1cyJdPSJhY3RpdmUiLFsidXNl
++ export _ModuleTable009_
++ _ModuleTable010_=ck5hbWUiXT0icGVyZnRvb2xzLWJhc2UiLH0scm9jbT17WyJmbiJdPSIvc3cvZnJvbnRpZXIvbW9kdWxlZmlsZXMvcm9jbS80LjUuMC5sdWEiLFsiZnVsbE5hbWUiXT0icm9jbS80LjUuMCIsWyJsb2FkT3JkZXIiXT0xNyxwcm9wVD17fSxbInN0YWNrRGVwdGgiXT0wLFsic3RhdHVzIl09ImFjdGl2ZSIsWyJ1c2VyTmFtZSJdPSJyb2NtIix9LHhwbWVtPXtbImZuIl09Ii9vcHQvY3JheS9tb2R1bGVmaWxlcy94cG1lbS8yLjMuMi0yLjJfNi40X19nOTNkZDdlZS5zaGFzdGEiLFsiZnVsbE5hbWUiXT0ieHBtZW0vMi4zLjItMi4yXzYuNF9fZzkzZGQ3ZWUuc2hhc3RhIixbImxvYWRPcmRlciJdPTUscHJvcFQ9e30sWyJzdGFja0RlcHRoIl09MCxbInN0YXR1cyJdPSJhY3RpdmUiLFsi
++ export _ModuleTable010_
++ _ModuleTable011_=dXNlck5hbWUiXT0ieHBtZW0iLH0sfSxtcGF0aEE9eyIvc3cvZnJvbnRpZXIvc3BhY2stZW52cy9iYXNlL21vZHVsZXMvc3BhY2svY3JheS1zbGVzMTUteDg2XzY0L2NyYXktbXBpY2gvOC4xLjEyLXpieGliencvY2NlLzEzLjAuMCIsIi9zdy9mcm9udGllci9zcGFjay1lbnZzL2Jhc2UvbW9kdWxlcy9zcGFjay9jcmF5LXNsZXMxNS14ODZfNjQvY2NlLzEzLjAuMCIsIi9zdy9mcm9udGllci9zcGFjay1lbnZzL2Jhc2UvbW9kdWxlcy9zcGFjay9saW51eC1zbGVzMTUteDg2XzY0L0NvcmUiLCIvb3B0L2NyYXkvcGUvbG1vZC9tb2R1bGVmaWxlcy9tcGkvY3JheWNsYW5nLzEwLjAvb2ZpLzEuMC9jcmF5LW1waWNoLzguMCIsIi9vcHQvY3JheS9wZS9sbW9kL21vZHVsZWZpbGVzL2Nv
++ export _ModuleTable011_
++ _ModuleTable012_=bW5ldC9jcmF5Y2xhbmcvMTAuMC9vZmkvMS4wIiwiL29wdC9jcmF5L3BlL2xtb2QvbW9kdWxlZmlsZXMvY29tcGlsZXIvY3JheWNsYW5nLzEwLjAiLCIvb3B0L2NyYXkvcGUvbG1vZC9tb2R1bGVmaWxlcy9taXhfY29tcGlsZXJzIiwiL29wdC9jcmF5L3BlL2xtb2QvbW9kdWxlZmlsZXMvcGVyZnRvb2xzLzIxLjEyLjAiLCIvb3B0L2NyYXkvcGUvbG1vZC9tb2R1bGVmaWxlcy9uZXQvb2ZpLzEuMCIsIi9vcHQvY3JheS9wZS9sbW9kL21vZHVsZWZpbGVzL2NwdS94ODYtdHJlbnRvLzEuMCIsIi91c3Ivc2hhcmUvbW9kdWxlZmlsZXMvTGludXgiLCIvdXNyL3NoYXJlL21vZHVsZWZpbGVzL0NvcmUiLCIvdXNyL3NoYXJlL2xtb2QvbG1vZC9tb2R1bGVmaWxlcy9Db3JlIiwiL29wdC9j
++ export _ModuleTable012_
++ _ModuleTable013_=cmF5L3BlL2xtb2QvbW9kdWxlZmlsZXMvY29yZSIsIi9vcHQvY3JheS9wZS9sbW9kL21vZHVsZWZpbGVzL2NyYXlwZS10YXJnZXRzL2RlZmF1bHQiLCIvc3cvZnJvbnRpZXIvbW9kdWxlZmlsZXMiLCIvb3B0L2NyYXkvbW9kdWxlZmlsZXMiLCIvb3B0L21vZHVsZWZpbGVzIix9LFsic3lzdGVtQmFzZU1QQVRIIl09Ii91c3Ivc2hhcmUvbW9kdWxlZmlsZXMvTGludXg6L3Vzci9zaGFyZS9tb2R1bGVmaWxlcy9Db3JlOi91c3Ivc2hhcmUvbG1vZC9sbW9kL21vZHVsZWZpbGVzL0NvcmU6L29wdC9jcmF5L3BlL2xtb2QvbW9kdWxlZmlsZXMvY29yZTovb3B0L2NyYXkvcGUvbG1vZC9tb2R1bGVmaWxlcy9jcmF5cGUtdGFyZ2V0cy9kZWZhdWx0Oi9zdy9mcm9udGllci9tb2R1bGVmaWxl
++ export _ModuleTable013_
++ _ModuleTable014_=czovb3B0L2NyYXkvbW9kdWxlZmlsZXM6L29wdC9tb2R1bGVmaWxlcyIsfQ==
++ export _ModuleTable014_
++ _ModuleTable_Sz_=14
++ export _ModuleTable_Sz_
++ : -s sh
+ eval
+ env
+ ulimit -a
+ ldd /autofs/nccs-svm1_home1/loughm/applications/pennant-wk0/pennant-hip/build/pennant
++ perl -e 'print time'
+ t1=1644595646
+ srun --nodes=8 --ntasks=64 --gpus-per-task=1 --gpu-bind=closest -c8 /autofs/nccs-svm1_home1/loughm/applications/pennant-wk0/pennant-hip/build/pennant /autofs/nccs-svm1_home1/loughm/applications/pennant-wk0/test/sedovflatx16/sedovflatx16.pnt
PE 0: MPICH_OFI_NIC_POLICY = BLOCK
PE 0: MPICH CH4 OFI detected 4 NICs/node on host frontier07304
PE 0: ======================== Display NIC Addrs  ========================
PE 0: Hostname: frontier07304
PE 0:   MPICH_OFI_NIC_POLICY: BLOCK
PE 0:   Number of NICs: 4
PE 0:     nic_index 0: domain_name=cxi0, numa_domain=3, addr=0x1d760
PE 0:     nic_index 1: domain_name=cxi1, numa_domain=1, addr=0x1d761
PE 0:     nic_index 2: domain_name=cxi2, numa_domain=0, addr=0x1d721
PE 0:     nic_index 3: domain_name=cxi3, numa_domain=2, addr=0x1d720
PE 0:   Number of NUMA domains: 4
PE 0:     numa_domain 0: cpu_list=[0-15,64-79]
PE 0:     numa_domain 1: cpu_list=[16-31,80-95]
PE 0:     numa_domain 2: cpu_list=[32-47,96-111]
PE 0:     numa_domain 3: cpu_list=[48-63,112-127]
PE 0: ====================================================================
PE 0: MPICH CH4 OFI netmod using cxi provider (domain_name=cxi0, src_addr=0x1d760)
PE 0: Selected traffic class: [TC_BEST_EFFORT, 512]
real 83.44
user 0.04
sys 0.04
++ perl -e 'print time'
+ t2=1644595730
+ echo 'Job is done!'
Job is done!
